---
source: src/ui/render.rs
expression: terminal.backend()
---
"                                                                                                    "
"                                                                                                    "
"                                                                                                    "
"                                                                                                    "
"                                                                                                    "
"                                                                                                    "
"                                                                                                    "
"                                                                                                    "
"                                                                                                    "
"                                                                                                    "
"                                                                                                    "
"                    ┌Download Model────────────────────────────────────────────┐                    "
"                    │ Download path:                                           │                    "
"                    │ /models/output                                           │                    "
"                    │                                                          │                    "
"                    │ Press Enter to confirm, ESC to cancel                    │                    "
"                    │                                                          │                    "
"                    └──────────────────────────────────────────────────────────┘                    "
"                                                                                                    "
"                                                                                                    "
"                                                                                                    "
"                                                                                                    "
"                                                                                                    "
"                                                                                                    "
"                                                                                                    "
"                                                                                                    "
"                                                                                                    "
"                                                                                                    "
"                                                                                                    "
"                                                                                                    "
