---
source: src/ui/render.rs
expression: terminal.backend()
---
"┌Filters  [Click to cycle | 1-4: Presets | r: Reset | Ctrl+S: Save]────────────────────────────────┐"
"│Sort: Downloads ▼  |  Min Downloads: 0  |  Min Likes: 0  |  [No Filters]                   v<VERSION>│"
"└──────────────────────────────────────────────────────────────────────────────────────────────────┘"
"┌Results───────────────────────────────────────────────────────────────────────────────────────────┐"
"│     1. meta-llama/Llama-3.1-8B by meta-llama ↓1.2M ♥12.3K [2024-07-03] [text-generation, llama]  │"
"│>>   2. mistralai/Mistral-7B-v0.3 by mistralai ↓987.7K ♥8.9K [text-generation]                    │"
"│     3. Qwen/Qwen2.5-Coder-32B-Instruct by Qwen ↓45.7K ♥678 [2024-11-01]                          │"
"│                                                                                                  │"
"│                                                                                                  │"
"│                                                                                                  │"
"│                                                                                                  │"
"│                                                                                                  │"
"└──────────────────────────────────────────────────────────────────────────────────────────────────┘"
"┌Quantization Types [Select a model to view]─────┐┌Files [Select a quantization type]──────────────┐"
"│                                                ││                                                │"
"│                                                ││                                                │"
"│                                                ││                                                │"
"│                                                ││                                                │"
"│                                                ││                                                │"
"│                                                ││                                                │"
"│                                                ││                                                │"
"│                                                ││                                                │"
"│                                                ││                                                │"
"│                                                ││                                                │"
"└────────────────────────────────────────────────┘└────────────────────────────────────────────────┘"
"┌Activity──────────────────────────────────────────────────────────────────────────────────────────┐"
"│DL   Llama-3.~_M.gguf ████████████░░░░░░░░░░░░░░░░░░░░░░░░░░░░░░░░░░░ ch 3/8 ███░░░░░ 25%  32.8MB/│"
"│── remaining 4GB ~1m47s ────────────────────────────────────────────────────────────────────────  │"
"└──────────────────────────────────────────────────────────────────────────────────────────────────┘"
"┌Status────────────────────────────────────────────────────────────────────────────────────────────┐"
"│Selected: mistralai/Mistral-7B-v0.3 | URL: https://huggingface.co/mistralai/Mistral-7B-v0.3       │"
"│Downloading Llama-3.1-8B-Q4_K_M.gguf                                                              │"
"└──────────────────────────────────────────────────────────────────────────────────────────────────┘"
