---
source: src/ui/render.rs
expression: terminal.backend()
---
"                                                                                                    "
"                                                                                                    "
"                                                                                                    "
"                                                                                                    "
"                                                                                                    "
"                                                                                                    "
"                                                                                                    "
"                                                                                                    "
"                                                                                                    "
"                                                                                                    "
"                                                                                                    "
"                    ┌ Search HuggingFace Models ───────────────────────────────┐                    "
"                    │                                                          │                    "
"                    │  llama                                                   │                    "
"                    │                                                          │                    "
"                    │                                                          │                    "
"                    │  Enter search query and press Enter to search            │                    "
"                    │  ESC: Cancel                                             │                    "
"                    └──────────────────────────────────────────────────────────┘                    "
"                                                                                                    "
"                                                                                                    "
"                                                                                                    "
"                                                                                                    "
"                                                                                                    "
"                                                                                                    "
"                                                                                                    "
"                                                                                                    "
"                                                                                                    "
"                                                                                                    "
"                                                                                                    "
