---
source: src/ui/render.rs
expression: terminal.backend()
---
"                                                                                                    "
"                                                                                                    "
"                                                                                                    "
"                                                                                                    "
"                                                                                                    "
"                                                                                                    "
"                                                                                                    "
"                                                                                                    "
"                                                                                                    "
"                                                                                                    "
"                                                                                                    "
"                                                                                                    "
"                                                                                                    "
"                                                                                                    "
"                                                                                                    "
"                                                                                                    "
"                                                                                                    "
"                                                                                                    "
"                                                                                                    "
"                                                                                                    "
"                                                                                                    "
"                                                                                                    "
"                                                                                                    "
"                                                                                                    "
"                                                ┌Verifying (2 queued)──────────────────────────────┐"
"                                                │┌Llama-3.1-8B-Q4_K_M.gguf────────────────────────┐│"
"                                                ││██████████████████████50%                       ││"
"                                                │└────────────────────────────────────────────────┘│"
"                                                │                                                  │"
"                                                └──────────────────────────────────────────────────┘"
